


ARM Macro Assembler    Page 1 


    1 00000000                 AREA             RESET, DATA, READONLY
    2 00000000                 EXPORT           __Vectors
    3 00000000         __Vectors
    4 00000000 10001000        DCD              0X10001000
    5 00000004 00000000        DCD              Reset_Handler
    6 00000008                 ALIGN
    7 00000008                 AREA             mycode, CODE, READONLY
    8 00000000                 ENTRY
    9 00000000                 EXPORT           Reset_Handler
   10 00000000         Reset_Handler
   11 00000000 4807            LDR              R0, =VAL1
   12 00000002 6801            LDR              R1, [R0]
   13 00000004 4807            LDR              R0, =VAL2
   14 00000006 6802            LDR              R2, [R0]
   15 00000008 4B07            LDR              R3, =DST
   16 0000000A FBA1 4502       UMULL            R4,R5, R1,R2
   17 0000000E F843 4B04       STR              R4, [R3],#4
   18 00000012 601D            STR              R5,[R3]
   19 00000014 E7FE    STOP    B                STOP
   20 00000016 00 00 1234ABCD 
                       VAL1    DCD              0X1234ABCD
   21 0000001C 778899AA 
                       VAL2    DCD              0X778899AA
   22 00000020 00000000 
              00000000 
              00000000         AREA             mydata, DATA, READWRITE
   23 00000000 00000000 
              00000000 DST     DCD              0,0
   24 00000008                 END
Command Line: --debug --xref --cpu=Cortex-M3 --apcs=interwork --depend=.\multip
ly.d -o.\multiply.o -IC:\Keil\ARM\RV31\INC -IC:\Keil\ARM\CMSIS\Include -IC:\Kei
l\ARM\Inc\NXP\LPC17xx --predefine="__EVAL SETA 1" --list=.\multiply.lst multipl
y.s



ARM Macro Assembler    Page 1 Alphabetic symbol ordering
Relocatable symbols

RESET 00000000

Symbol: RESET
   Definitions
      At line 1 in file multiply.s
   Uses
      None
Comment: RESET unused
__Vectors 00000000

Symbol: __Vectors
   Definitions
      At line 3 in file multiply.s
   Uses
      At line 2 in file multiply.s
Comment: __Vectors used once
2 symbols



ARM Macro Assembler    Page 1 Alphabetic symbol ordering
Relocatable symbols

Reset_Handler 00000000

Symbol: Reset_Handler
   Definitions
      At line 10 in file multiply.s
   Uses
      At line 5 in file multiply.s
      At line 9 in file multiply.s

STOP 00000014

Symbol: STOP
   Definitions
      At line 19 in file multiply.s
   Uses
      At line 19 in file multiply.s
Comment: STOP used once
VAL1 00000018

Symbol: VAL1
   Definitions
      At line 20 in file multiply.s
   Uses
      At line 11 in file multiply.s
Comment: VAL1 used once
VAL2 0000001C

Symbol: VAL2
   Definitions
      At line 21 in file multiply.s
   Uses
      At line 13 in file multiply.s
Comment: VAL2 used once
mycode 00000000

Symbol: mycode
   Definitions
      At line 7 in file multiply.s
   Uses
      None
Comment: mycode unused
5 symbols



ARM Macro Assembler    Page 1 Alphabetic symbol ordering
Relocatable symbols

DST 00000000

Symbol: DST
   Definitions
      At line 23 in file multiply.s
   Uses
      At line 15 in file multiply.s
Comment: DST used once
mydata 00000000

Symbol: mydata
   Definitions
      At line 22 in file multiply.s
   Uses
      None
Comment: mydata unused
2 symbols
342 symbols in table
